---
source: src/changeset.rs
expression: "load_ok(\"upstream-multi-package\")"
---
[
    LoadedChange {
        file_name: "frank-cycles-follow.md",
        in_pre: false,
        releases: [
            (
                "ublacklist",
                Some(
                    Minor,
                ),
            ),
            (
                "ublacklist-docs",
                Some(
                    Patch,
                ),
            ),
        ],
        summary: "Touches two packages.",
    },
]
