---
source: src/workspace.rs
expression: "discover_debug(\"pnpm\")"
---
Workspace {
    root: "tests/fixtures/workspace/pnpm",
    members: [
        Member {
            name: "pkg-a",
            dir: "tests/fixtures/workspace/pnpm/packages/a",
            rel_dir: "packages/a",
            version: Version {
                major: 1,
                minor: 0,
                patch: 0,
            },
            private: false,
        },
        Member {
            name: "root",
            dir: "tests/fixtures/workspace/pnpm",
            rel_dir: ".",
            version: Version {
                major: 0,
                minor: 0,
                patch: 0,
            },
            private: false,
        },
    ],
}
