---
source: src/changeset.rs
expression: "load_ok(\"upstream-generated\")"
---
[
    LoadedChange {
        file_name: "olive-pots-repeat.md",
        in_pre: false,
        releases: [
            (
                "ublacklist",
                Some(
                    Minor,
                ),
            ),
        ],
        summary: "Add SERPINFO satellites support",
    },
]
