---
source: src/workspace.rs
expression: "discover_debug(\"npm\")"
---
Workspace {
    root: "tests/fixtures/workspace/npm",
    members: [
        Member {
            name: "alpha",
            dir: "tests/fixtures/workspace/npm/packages/two",
            rel_dir: "packages/two",
            version: Version {
                major: 2,
                minor: 0,
                patch: 0,
            },
            private: false,
        },
        Member {
            name: "zeta",
            dir: "tests/fixtures/workspace/npm/packages/one",
            rel_dir: "packages/one",
            version: Version {
                major: 1,
                minor: 0,
                patch: 0,
            },
            private: false,
        },
    ],
}
