---
source: src/changeset.rs
expression: "load_ok(\"upstream-none\")"
---
[
    LoadedChange {
        file_name: "wild-candies-bet.md",
        in_pre: false,
        releases: [
            (
                "ublacklist",
                None,
            ),
        ],
        summary: "Declares no bump for the package.",
    },
]
