---
source: src/workspace.rs
expression: "discover_ok(\"pnpm\")"
---
Workspace {
    root: "tests/fixtures/workspace/pnpm",
    members: [
        Member {
            name: "pkg-a",
            dir: "tests/fixtures/workspace/pnpm/packages/a",
            rel_dir: "packages/a",
            version: Some(
                "1.0.0",
            ),
            private: false,
        },
    ],
}
