---
source: src/changeset.rs
expression: changes
---
[
    LoadedChange {
        file_name: "atomic-pugs-smile.md",
        in_pre: true,
        releases: [
            (
                "ublacklist",
                Some(
                    Patch,
                ),
            ),
        ],
        summary: "Parked first: file names are compared within the group",
    },
    LoadedChange {
        file_name: "zany-moons-sing.md",
        in_pre: true,
        releases: [
            (
                "ublacklist",
                Some(
                    Major,
                ),
            ),
        ],
        summary: "Parked second",
    },
    LoadedChange {
        file_name: "brave-lions-dance.md",
        in_pre: false,
        releases: [
            (
                "ublacklist",
                Some(
                    Minor,
                ),
            ),
        ],
        summary: "A new changeset, loaded after the pre ones",
    },
]
