---
source: src/changeset.rs
expression: "changes.iter().map(|change|\n(change.id(), change.rel_path())).collect::<Vec<_>>()"
---
[
    (
        "brave-lions-dance",
        "brave-lions-dance.md",
    ),
    (
        "pre/atomic-pugs-smile",
        "pre/atomic-pugs-smile.md",
    ),
    (
        "pre/zany-moons-sing",
        "pre/zany-moons-sing.md",
    ),
]
